
  .   ____          _            __ _ _
 /\\ / ___'_ __ _ _(_)_ __  __ _ \ \ \ \
( ( )\___ | '_ | '_| | '_ \/ _` | \ \ \ \
 \\/  ___)| |_)| | | | | || (_| |  ) ) ) )
  '  |____| .__|_| |_|_| |_\__, | / / / /
 =========|_|==============|___/=/_/_/_/

 :: Spring Boot ::               (v3.5.16)

2026-09-09T11:21:20.901+05:30  INFO 26808 --- [training-management] [           main] g.t.TrainingManagementApplication        : Starting TrainingManagementApplication v0.0.1-SNAPSHOT using Java 17.0.18 with PID 26808 (C:\Users\Vihara Ching\Desktop\financeTask1\Task1\target\training-management-0.0.1-SNAPSHOT.jar started by Vihara Ching in C:\Users\Vihara Ching\Desktop\financeTask1\Task1)
2026-09-09T11:21:20.915+05:30  INFO 26808 --- [training-management] [           main] g.t.TrainingManagementApplication        : No active profile set, falling back to 1 default profile: "default"
2026-09-09T11:21:23.105+05:30  INFO 26808 --- [training-management] [           main] o.s.b.w.embedded.tomcat.TomcatWebServer  : Tomcat initialized with port 8080 (http)
2026-09-09T11:21:23.149+05:30  INFO 26808 --- [training-management] [           main] o.apache.catalina.core.StandardService   : Starting service [Tomcat]
2026-09-09T11:21:23.150+05:30  INFO 26808 --- [training-management] [           main] o.apache.catalina.core.StandardEngine    : Starting Servlet engine: [Apache Tomcat/10.1.55]
2026-09-09T11:21:23.195+05:30  INFO 26808 --- [training-management] [           main] o.a.c.c.C.[Tomcat].[localhost].[/]       : Initializing Spring embedded WebApplicationContext
2026-09-09T11:21:23.198+05:30  INFO 26808 --- [training-management] [           main] w.s.c.ServletWebServerApplicationContext : Root WebApplicationContext: initialization completed in 2169 ms
2026-09-09T11:21:23.841+05:30  INFO 26808 --- [training-management] [           main] o.s.b.a.w.s.WelcomePageHandlerMapping    : Adding welcome page: class path resource [static/index.html]
2026-09-09T11:21:24.887+05:30  INFO 26808 --- [training-management] [           main] o.s.b.w.embedded.tomcat.TomcatWebServer  : Tomcat started on port 8080 (http) with context path '/'
2026-09-09T11:21:24.977+05:30  INFO 26808 --- [training-management] [           main] g.t.TrainingManagementApplication        : Started TrainingManagementApplication in 5.299 seconds (process running for 6.242)
2026-09-09T11:21:39.092+05:30  INFO 26808 --- [training-management] [nio-8080-exec-1] o.a.c.c.C.[Tomcat].[localhost].[/]       : Initializing Spring DispatcherServlet 'dispatcherServlet'
2026-09-09T11:21:39.092+05:30  INFO 26808 --- [training-management] [nio-8080-exec-1] o.s.web.servlet.DispatcherServlet        : Initializing Servlet 'dispatcherServlet'
2026-09-09T11:21:39.109+05:30  INFO 26808 --- [training-management] [nio-8080-exec-1] o.s.web.servlet.DispatcherServlet        : Completed initialization in 3 ms
2026-09-09T11:21:39.892+05:30  INFO 26808 --- [training-management] [nio-8080-exec-5] com.zaxxer.hikari.HikariDataSource       : HikariPool-1 - Starting...
2026-09-09T11:21:41.609+05:30  INFO 26808 --- [training-management] [nio-8080-exec-5] com.zaxxer.hikari.pool.HikariPool        : HikariPool-1 - Added connection com.mysql.cj.jdbc.ConnectionImpl@3765841b
2026-09-09T11:21:41.622+05:30  INFO 26808 --- [training-management] [nio-8080-exec-5] com.zaxxer.hikari.HikariDataSource       : HikariPool-1 - Start completed.
